// Jest Snapshot v1, https://goo.gl/fbAQLP

exports[`Catalog Should render correctly 1`] = `
<section
  className="catalog"
>
  <h2
    className="catalog__title visually-hidden"
  >
    Catalog
  </h2>
  <ul
    className="catalog__genres-list"
  >
    <li
      className="catalog__genres-item catalog__genres-item--active"
    >
      <a
        className="catalog__genres-link"
        href="#"
        onClick={[Function]}
      >
        All genres
      </a>
    </li>
    <li
      className="catalog__genres-item "
    >
      <a
        className="catalog__genres-link"
        href="#"
        onClick={[Function]}
      >
        Documentary
      </a>
    </li>
    <li
      className="catalog__genres-item "
    >
      <a
        className="catalog__genres-link"
        href="#"
        onClick={[Function]}
      >
        Drama
      </a>
    </li>
  </ul>
  <div
    className="catalog__movies-list"
  >
    <article
      className="small-movie-card catalog__movies-card"
      onMouseEnter={[Function]}
      onMouseOut={[Function]}
    >
      <a
        className="small-movie-card__link"
        href="/films/178345"
        onClick={[Function]}
      >
        <div
          className="small-movie-card__image"
        >
          <video
            height="175"
            width="280"
          >
            Sorry, your browser doesn't support embedded videos.
          </video>
        </div>
        <h3
          className="small-movie-card__title"
        >
          Bohemian Rhapsody
        </h3>
      </a>
    </article>
    <article
      className="small-movie-card catalog__movies-card"
      onMouseEnter={[Function]}
      onMouseOut={[Function]}
    >
      <a
        className="small-movie-card__link"
        href="/films/167456"
        onClick={[Function]}
      >
        <div
          className="small-movie-card__image"
        >
          <video
            height="175"
            width="280"
          >
            Sorry, your browser doesn't support embedded videos.
          </video>
        </div>
        <h3
          className="small-movie-card__title"
        >
          Aviator
        </h3>
      </a>
    </article>
  </div>
</section>
`;
