// Jest Snapshot v1, https://goo.gl/fbAQLP

exports[`MyList Should render correctly 1`] = `
<div
  className="user-page"
>
  <header
    className="page-header user-page__head"
  >
    <div
      className="logo"
    >
      <a
        className="logo__link"
        href="/"
        onClick={[Function]}
      >
        <span
          className="logo__letter logo__letter--1"
        >
          W
        </span>
        <span
          className="logo__letter logo__letter--2"
        >
          T
        </span>
        <span
          className="logo__letter logo__letter--3"
        >
          W
        </span>
      </a>
    </div>
    <h1
      className="page-title user-page__title"
    >
      My list
    </h1>
    <div
      className="user-block"
    >
      <a
        href="/mylist"
        onClick={[Function]}
      >
        <div
          className="user-block__avatar"
        >
          <img
            alt="asdasd"
            height="63"
            src="https://4.react.pages.academy/wtw/asda.jpg"
            width="63"
          />
        </div>
      </a>
    </div>
  </header>
  <section
    className="catalog"
  >
    <h2
      className="catalog__title visually-hidden"
    >
      Catalog
    </h2>
    <div
      className="catalog__movies-list"
    >
      <article
        className="small-movie-card catalog__movies-card"
        onMouseEnter={[Function]}
        onMouseOut={[Function]}
      >
        <a
          className="small-movie-card__link"
          href="/films/178345"
          onClick={[Function]}
        >
          <div
            className="small-movie-card__image"
          >
            <video
              height="175"
              width="280"
            >
              Sorry, your browser doesn't support embedded videos.
            </video>
          </div>
          <h3
            className="small-movie-card__title"
          >
            Bohemian Rhapsody
          </h3>
        </a>
      </article>
      <article
        className="small-movie-card catalog__movies-card"
        onMouseEnter={[Function]}
        onMouseOut={[Function]}
      >
        <a
          className="small-movie-card__link"
          href="/films/167456"
          onClick={[Function]}
        >
          <div
            className="small-movie-card__image"
          >
            <video
              height="175"
              width="280"
            >
              Sorry, your browser doesn't support embedded videos.
            </video>
          </div>
          <h3
            className="small-movie-card__title"
          >
            Aviator
          </h3>
        </a>
      </article>
    </div>
  </section>
  <footer
    className="page-footer"
  >
    <div
      className="logo"
    >
      <a
        className="logo__link logo__link--light"
        href="/"
        onClick={[Function]}
      >
        <span
          className="logo__letter logo__letter--1"
        >
          W
        </span>
        <span
          className="logo__letter logo__letter--2"
        >
          T
        </span>
        <span
          className="logo__letter logo__letter--3"
        >
          W
        </span>
      </a>
    </div>
    <div
      className="copyright"
    >
      <p>
        Â© 2019 What to watch Ltd.
      </p>
    </div>
  </footer>
</div>
`;
