// Jest Snapshot v1, https://goo.gl/fbAQLP

exports[`MyListButton Should render correctly 1`] = `
<button
  className="btn btn--list movie-card__button"
  onClick={[Function]}
  type="button"
>
  <svg
    height="20"
    viewBox="0 0 19 20"
    width="19"
  >
    <use
      xlinkHref="#add"
    />
  </svg>
  <span>
    My list
  </span>
</button>
`;
