// Jest Snapshot v1, https://goo.gl/fbAQLP

exports[`withActiveVideo is rendered correctly 1`] = `<div />`;
