// Jest Snapshot v1, https://goo.gl/fbAQLP

exports[`MoviePage Should render correctly 1`] = `
Array [
  <section
    className="movie-card movie-card--full"
  >
    <div
      className="movie-card__hero"
    >
      <div
        className="movie-card__bg"
      >
        <img
          alt="Snatch"
          src="https://placeimg.com/1300/512/nature"
        />
      </div>
      <h1
        className="visually-hidden"
      >
        WTW
      </h1>
      <header
        className="page-header movie-card__head"
      >
        <div
          className="logo"
        >
          <a
            className="logo__link"
            href="main.html"
          >
            <span
              className="logo__letter logo__letter--1"
            >
              W
            </span>
            <span
              className="logo__letter logo__letter--2"
            >
              T
            </span>
            <span
              className="logo__letter logo__letter--3"
            >
              W
            </span>
          </a>
        </div>
        <div
          className="user-block"
        >
          <div
            className="user-block__avatar"
          >
            <img
              alt="User avatar"
              height="63"
              src="img/avatar.jpg"
              width="63"
            />
          </div>
        </div>
      </header>
      <div
        className="movie-card__wrap"
      >
        <div
          className="movie-card__desc"
        >
          <h2
            className="movie-card__title"
          >
            Snatch
          </h2>
          <p
            className="movie-card__meta"
          >
            <span
              className="movie-card__genre"
            >
              Crime
            </span>
            <span
              className="movie-card__year"
            >
              2000
            </span>
          </p>
          <div
            className="movie-card__buttons"
          >
            <button
              className="btn btn--play movie-card__button"
              type="button"
            >
              <svg
                height="19"
                viewBox="0 0 19 19"
                width="19"
              >
                <use
                  xlinkHref="#play-s"
                />
              </svg>
              <span>
                Play
              </span>
            </button>
            <button
              className="btn btn--list movie-card__button"
              type="button"
            >
              <svg
                height="20"
                viewBox="0 0 19 20"
                width="19"
              >
                <use
                  xlinkHref="#add"
                />
              </svg>
              <span>
                My list
              </span>
            </button>
            <a
              className="btn movie-card__button"
              href="add-review.html"
            >
              Add review
            </a>
          </div>
        </div>
      </div>
    </div>
    <div
      className="movie-card__wrap movie-card__translate-top"
    >
      <div
        className="movie-card__info"
      >
        <div
          className="movie-card__poster movie-card__poster--big"
        >
          <img
            alt="Snatch"
            height="327"
            src="img/snatch.jpg"
            width="218"
          />
        </div>
        <div
          className="movie-card__desc"
        >
          <nav
            className="movie-nav movie-card__nav"
          >
            <ul
              className="movie-nav__list"
            >
              <li
                className="movie-nav__item movie-nav__item--active"
              >
                <a
                  className="movie-nav__link"
                  href="#"
                >
                  Overview
                </a>
              </li>
              <li
                className="movie-nav__item"
              >
                <a
                  className="movie-nav__link"
                  href="#"
                >
                  Details
                </a>
              </li>
              <li
                className="movie-nav__item"
              >
                <a
                  className="movie-nav__link"
                  href="#"
                >
                  Reviews
                </a>
              </li>
            </ul>
          </nav>
          <div
            className="movie-rating"
          >
            <div
              className="movie-rating__score"
            >
              8,3
            </div>
            <p
              className="movie-rating__meta"
            >
              <span
                className="movie-rating__level"
              >
                Good
              </span>
              <span
                className="movie-rating__count"
              >
                1500
                 ratings
              </span>
            </p>
          </div>
          <div
            className="movie-card__text"
          >
            <p>
              Unscrupulous boxing promoters, violent bookmakers, a Russian gangster, incompetent amateur robbers and supposedly Jewish jewelers fight to track down a priceless stolen diamond.
            </p>
            <p
              className="movie-card__director"
            >
              <strong>
                Director: 
                Guy Ritchie
              </strong>
            </p>
            <p
              className="movie-card__starring"
            >
              <strong>
                Starring: 
                Jason Statham, Brad Pitt, Benicio Del Toro
              </strong>
            </p>
          </div>
          <div
            className="movie-card__reviews movie-card__row"
          >
            <div
              className="movie-card__reviews-col"
            >
              <div
                className="review"
              >
                <blockquote
                  className="review__quote"
                >
                  <p
                    className="review__text"
                  >
                    Discerning travellers and Wes Anderson fans will luxuriate in the glorious Mittel-European kitsch of one of the director's funniest and most exquisitely designed movies in years.
                  </p>
                  <footer
                    className="review__details"
                  >
                    <cite
                      className="review__author"
                    >
                      Kate Muir
                    </cite>
                    <time
                      className="review__date"
                      dateTime="2016-12-24"
                    >
                      December 24, 2016
                    </time>
                  </footer>
                </blockquote>
                <div
                  className="review__rating"
                >
                  8,9
                </div>
              </div>
              <div
                className="review"
              >
                <blockquote
                  className="review__quote"
                >
                  <p
                    className="review__text"
                  >
                    Anderson's films are too precious for some, but for those of us willing to lose ourselves in them, they're a delight. "The Grand Budapest Hotel" is no different, except that he has added a hint of gravitas to the mix, improving the recipe.
                  </p>
                  <footer
                    className="review__details"
                  >
                    <cite
                      className="review__author"
                    >
                      Bill Goodykoontz
                    </cite>
                    <time
                      className="review__date"
                      dateTime="2015-11-18"
                    >
                      November 18, 2015
                    </time>
                  </footer>
                </blockquote>
                <div
                  className="review__rating"
                >
                  8,0
                </div>
              </div>
              <div
                className="review"
              >
                <blockquote
                  className="review__quote"
                >
                  <p
                    className="review__text"
                  >
                    I didn't find it amusing, and while I can appreciate the creativity, it's an hour and 40 minutes I wish I could take back.
                  </p>
                  <footer
                    className="review__details"
                  >
                    <cite
                      className="review__author"
                    >
                      Amanda Greever
                    </cite>
                    <time
                      className="review__date"
                      dateTime="2015-11-18"
                    >
                      November 18, 2015
                    </time>
                  </footer>
                </blockquote>
                <div
                  className="review__rating"
                >
                  8,0
                </div>
              </div>
            </div>
            <div
              className="movie-card__reviews-col"
            >
              <div
                className="review"
              >
                <blockquote
                  className="review__quote"
                >
                  <p
                    className="review__text"
                  >
                    The mannered, madcap proceedings are often delightful, occasionally silly, and here and there, gruesome and/or heartbreaking.
                  </p>
                  <footer
                    className="review__details"
                  >
                    <cite
                      className="review__author"
                    >
                      Matthew Lickona
                    </cite>
                    <time
                      className="review__date"
                      dateTime="2016-12-20"
                    >
                      December 20, 2016
                    </time>
                  </footer>
                </blockquote>
                <div
                  className="review__rating"
                >
                  7,2
                </div>
              </div>
              <div
                className="review"
              >
                <blockquote
                  className="review__quote"
                >
                  <p
                    className="review__text"
                  >
                    It is certainly a magical and childlike way of storytelling, even if the content is a little more adult.
                  </p>
                  <footer
                    className="review__details"
                  >
                    <cite
                      className="review__author"
                    >
                      Paula Fleri-Soler
                    </cite>
                    <time
                      className="review__date"
                      dateTime="2016-12-20"
                    >
                      December 20, 2016
                    </time>
                  </footer>
                </blockquote>
                <div
                  className="review__rating"
                >
                  7,6
                </div>
              </div>
              <div
                className="review"
              >
                <blockquote
                  className="review__quote"
                >
                  <p
                    className="review__text"
                  >
                    It is certainly a magical and childlike way of storytelling, even if the content is a little more adult.
                  </p>
                  <footer
                    className="review__details"
                  >
                    <cite
                      className="review__author"
                    >
                      Paula Fleri-Soler
                    </cite>
                    <time
                      className="review__date"
                      dateTime="2016-12-20"
                    >
                      December 20, 2016
                    </time>
                  </footer>
                </blockquote>
                <div
                  className="review__rating"
                >
                  7,0
                </div>
              </div>
            </div>
          </div>
        </div>
      </div>
    </div>
  </section>,
  <div
    className="page-content"
  >
    <section
      className="catalog catalog--like-this"
    >
      <h2
        className="catalog__title"
      >
        More like this
      </h2>
      <div
        className="catalog__movies-list"
      />
    </section>
    <footer
      className="page-footer"
    >
      <div
        className="logo"
      >
        <a
          className="logo__link logo__link--light"
          href="main.html"
        >
          <span
            className="logo__letter logo__letter--1"
          >
            W
          </span>
          <span
            className="logo__letter logo__letter--2"
          >
            T
          </span>
          <span
            className="logo__letter logo__letter--3"
          >
            W
          </span>
        </a>
      </div>
      <div
        className="copyright"
      >
        <p>
          © 2019 What to watch Ltd.
        </p>
      </div>
    </footer>
  </div>,
]
`;
