// Jest Snapshot v1, https://goo.gl/fbAQLP

exports[`MoviesList Should render correctly movie card 1`] = `
<div
  className="catalog__movies-list"
>
  <article
    className="small-movie-card catalog__movies-card"
    onMouseEnter={[Function]}
    onMouseOut={[Function]}
  >
    <div
      className="small-movie-card__image"
      onClick={[Function]}
    >
      <video
        height="175"
        width="280"
      >
        Sorry, your browser doesn't support embedded videos.
      </video>
    </div>
    <h3
      className="small-movie-card__title"
      onClick={[Function]}
    >
      <a
        className="small-movie-card__link"
        href="movie-page.html"
      >
        Bohemian Rhapsody
      </a>
    </h3>
  </article>
  <article
    className="small-movie-card catalog__movies-card"
    onMouseEnter={[Function]}
    onMouseOut={[Function]}
  >
    <div
      className="small-movie-card__image"
      onClick={[Function]}
    >
      <video
        height="175"
        width="280"
      >
        Sorry, your browser doesn't support embedded videos.
      </video>
    </div>
    <h3
      className="small-movie-card__title"
      onClick={[Function]}
    >
      <a
        className="small-movie-card__link"
        href="movie-page.html"
      >
        Aviator
      </a>
    </h3>
  </article>
</div>
`;
