// Jest Snapshot v1, https://goo.gl/fbAQLP

exports[`VideoPlayer Should render correctly 1`] = `
<video
  height="175"
  width="280"
>
  Sorry, your browser doesn't support embedded videos.
</video>
`;
