// Jest Snapshot v1, https://goo.gl/fbAQLP

exports[`withShowMore is rendered correctly 1`] = `<div />`;
