// Jest Snapshot v1, https://goo.gl/fbAQLP

exports[`MovieCardInfo Should render correctly 1`] = `
<div
  className="movie-card__wrap movie-card__translate-top"
>
  <div
    className="movie-card__info"
  >
    <div
      className="movie-card__poster movie-card__poster--big"
    >
      <img
        alt="Snatch"
        height="327"
        src="img/snatch.jpg"
        width="218"
      />
    </div>
    <div
      className="movie-card__desc"
    >
      <nav
        className="movie-nav movie-card__nav"
      >
        <ul
          className="movie-nav__list"
        >
          <li
            className="movie-nav__item movie-nav__item--active"
          >
            <a
              className="movie-nav__link"
              href="#"
              onClick={[Function]}
            >
              Overview
            </a>
          </li>
          <li
            className="movie-nav__item "
          >
            <a
              className="movie-nav__link"
              href="#"
              onClick={[Function]}
            >
              Details
            </a>
          </li>
          <li
            className="movie-nav__item "
          >
            <a
              className="movie-nav__link"
              href="#"
              onClick={[Function]}
            >
              Reviews
            </a>
          </li>
        </ul>
      </nav>
      <div
        className="movie-rating"
      >
        <div
          className="movie-rating__score"
        >
          8,3
        </div>
        <p
          className="movie-rating__meta"
        >
          <span
            className="movie-rating__level"
          >
            Very good
          </span>
          <span
            className="movie-rating__count"
          >
            1500
             ratings
          </span>
        </p>
      </div>
      <div
        className="movie-card__text"
      >
        <p>
          Unscrupulous boxing promoters, violent bookmakers, a Russian gangster, incompetent amateur robbers and supposedly Jewish jewelers fight to track down a priceless stolen diamond.
        </p>
        <p
          className="movie-card__director"
        >
          <strong>
            Director: 
            Guy Ritchie
          </strong>
        </p>
        <p
          className="movie-card__starring"
        >
          <strong>
            Starring: 
            Jason Statham, Brad Pitt, Benicio Del Toro
          </strong>
        </p>
      </div>
    </div>
  </div>
</div>
`;
