// Jest Snapshot v1, https://goo.gl/fbAQLP

exports[`SmallMovieCard Should render correctly movie card 1`] = `
<article
  className="small-movie-card catalog__movies-card"
  onMouseEnter={[Function]}
  onMouseOut={[Function]}
>
  <a
    className="small-movie-card__link"
    href="/films/123890"
    onClick={[Function]}
  >
    <div
      className="small-movie-card__image"
    >
      <video
        height="175"
        width="280"
      >
        Sorry, your browser doesn't support embedded videos.
      </video>
    </div>
    <h3
      className="small-movie-card__title"
    >
      Snatch
    </h3>
  </a>
</article>
`;
